Copyright 1986-2017 Xilinx, Inc. All Rights Reserved.
-----------------------------------------------------------------------------------------------------------------------------
| Tool Version : Vivado v.2017.4 (lin64) Build 2086221 Fri Dec 15 20:54:30 MST 2017
| Date         : Mon Feb 18 16:11:38 2019
| Host         : ispc2016 running 64-bit Ubuntu 16.04.5 LTS
| Command      : report_utilization -file design_1_wrapper_utilization_placed.rpt -pb design_1_wrapper_utilization_placed.pb
| Design       : design_1_wrapper
| Device       : xcku040ffva1156-2
| Design State : Fully Placed
-----------------------------------------------------------------------------------------------------------------------------

Utilization Design Information

Table of Contents
-----------------
1. CLB Logic
1.1 Summary of Registers by Type
2. CLB Logic Distribution
3. BLOCKRAM
4. ARITHMETIC
5. I/O
6. CLOCK
7. ADVANCED
8. CONFIGURATION
9. Primitives
10. Black Boxes
11. Instantiated Netlists

1. CLB Logic
------------

+----------------------------+-------+-------+-----------+-------+
|          Site Type         |  Used | Fixed | Available | Util% |
+----------------------------+-------+-------+-----------+-------+
| CLB LUTs                   | 23144 |     0 |    242400 |  9.55 |
|   LUT as Logic             | 23109 |     0 |    242400 |  9.53 |
|   LUT as Memory            |    35 |     0 |    112800 |  0.03 |
|     LUT as Distributed RAM |     0 |     0 |           |       |
|     LUT as Shift Register  |    35 |     0 |           |       |
| CLB Registers              |  5875 |     0 |    484800 |  1.21 |
|   Register as Flip Flop    |  5875 |     0 |    484800 |  1.21 |
|   Register as Latch        |     0 |     0 |    484800 |  0.00 |
| CARRY8                     |   129 |     0 |     30300 |  0.43 |
| F7 Muxes                   |  5110 |     0 |    121200 |  4.22 |
| F8 Muxes                   |  1966 |     0 |     60600 |  3.24 |
| F9 Muxes                   |     0 |     0 |     30300 |  0.00 |
+----------------------------+-------+-------+-----------+-------+


1.1 Summary of Registers by Type
--------------------------------

+-------+--------------+-------------+--------------+
| Total | Clock Enable | Synchronous | Asynchronous |
+-------+--------------+-------------+--------------+
| 0     |            _ |           - |            - |
| 0     |            _ |           - |          Set |
| 0     |            _ |           - |        Reset |
| 0     |            _ |         Set |            - |
| 0     |            _ |       Reset |            - |
| 0     |          Yes |           - |            - |
| 0     |          Yes |           - |          Set |
| 0     |          Yes |           - |        Reset |
| 19    |          Yes |         Set |            - |
| 5856  |          Yes |       Reset |            - |
+-------+--------------+-------------+--------------+


2. CLB Logic Distribution
-------------------------

+-------------------------------------------+-------+-------+-----------+-------+
|                 Site Type                 |  Used | Fixed | Available | Util% |
+-------------------------------------------+-------+-------+-----------+-------+
| CLB                                       |  4474 |     0 |     30300 | 14.77 |
|   CLBL                                    |  2511 |     0 |           |       |
|   CLBM                                    |  1963 |     0 |           |       |
| LUT as Logic                              | 23109 |     0 |    242400 |  9.53 |
|   using O5 output only                    |   115 |       |           |       |
|   using O6 output only                    | 21540 |       |           |       |
|   using O5 and O6                         |  1454 |       |           |       |
| LUT as Memory                             |    35 |     0 |    112800 |  0.03 |
|   LUT as Distributed RAM                  |     0 |     0 |           |       |
|   LUT as Shift Register                   |    35 |     0 |           |       |
|     using O5 output only                  |     0 |       |           |       |
|     using O6 output only                  |    35 |       |           |       |
|     using O5 and O6                       |     0 |       |           |       |
| LUT Flip Flop Pairs                       |  3761 |     0 |    242400 |  1.55 |
|   fully used LUT-FF pairs                 |   363 |       |           |       |
|   LUT-FF pairs with one unused LUT output |  3385 |       |           |       |
|   LUT-FF pairs with one unused Flip Flop  |  3254 |       |           |       |
| Unique Control Sets                       |   144 |       |           |       |
+-------------------------------------------+-------+-------+-----------+-------+
* Note: Review the Control Sets Report for more information regarding control sets.


3. BLOCKRAM
-----------

+-------------------+------+-------+-----------+-------+
|     Site Type     | Used | Fixed | Available | Util% |
+-------------------+------+-------+-----------+-------+
| Block RAM Tile    |  418 |     0 |       600 | 69.67 |
|   RAMB36/FIFO*    |  416 |     0 |       600 | 69.33 |
|     RAMB36E2 only |  416 |       |           |       |
|   RAMB18          |    4 |     0 |      1200 |  0.33 |
|     RAMB18E2 only |    4 |       |           |       |
+-------------------+------+-------+-----------+-------+
* Note: Each Block RAM Tile only has one FIFO logic available and therefore can accommodate only one FIFO36E2 or one FIFO18E2. However, if a FIFO18E2 occupies a Block RAM Tile, that tile can still accommodate a RAMB18E2


4. ARITHMETIC
-------------

+----------------+------+-------+-----------+-------+
|    Site Type   | Used | Fixed | Available | Util% |
+----------------+------+-------+-----------+-------+
| DSPs           |   32 |     0 |      1920 |  1.67 |
|   DSP48E2 only |   32 |       |           |       |
+----------------+------+-------+-----------+-------+


5. I/O
------

+------------------+------+-------+-----------+-------+
|     Site Type    | Used | Fixed | Available | Util% |
+------------------+------+-------+-----------+-------+
| Bonded IOB       |    5 |     5 |       520 |  0.96 |
| HPIOB            |    2 |     2 |       416 |  0.48 |
|   INPUT          |    2 |       |           |       |
|   OUTPUT         |    0 |       |           |       |
|   BIDIR          |    0 |       |           |       |
| HRIO             |    3 |     3 |       104 |  2.88 |
|   INPUT          |    2 |       |           |       |
|   OUTPUT         |    1 |       |           |       |
|   BIDIR          |    0 |       |           |       |
| HPIOBDIFFINBUF   |    1 |     1 |       192 |  0.52 |
|   DIFFINBUF      |    1 |     1 |           |       |
| HPIOBDIFFOUTBUF  |    0 |     0 |       192 |  0.00 |
| HRIODIFFINBUF    |    0 |     0 |        48 |  0.00 |
| HRIODIFFOUTBUF   |    0 |     0 |        48 |  0.00 |
| BITSLICE_CONTROL |    0 |     0 |        80 |  0.00 |
| BITSLICE_RX_TX   |    0 |     0 |       520 |  0.00 |
| BITSLICE_TX      |    0 |     0 |        80 |  0.00 |
| RIU_OR           |    0 |     0 |        40 |  0.00 |
+------------------+------+-------+-----------+-------+


6. CLOCK
--------

+----------------------+------+-------+-----------+-------+
|       Site Type      | Used | Fixed | Available | Util% |
+----------------------+------+-------+-----------+-------+
| GLOBAL CLOCK BUFFERs |    5 |     0 |       480 |  1.04 |
|   BUFGCE             |    5 |     0 |       240 |  2.08 |
|   BUFGCE_DIV         |    0 |     0 |        40 |  0.00 |
|   BUFG_GT            |    0 |     0 |       120 |  0.00 |
|   BUFGCTRL*          |    0 |     0 |        80 |  0.00 |
| PLLE3_ADV            |    0 |     0 |        20 |  0.00 |
| MMCME3_ADV           |    1 |     0 |        10 | 10.00 |
+----------------------+------+-------+-----------+-------+
* Note: Each used BUFGCTRL counts as two global buffer resources. This table does not include global clocking resources, only buffer cell usage. See the Clock Utilization Report (report_clock_utilization) for detailed accounting of global clocking resource availability.


7. ADVANCED
-----------

+-----------------+------+-------+-----------+-------+
|    Site Type    | Used | Fixed | Available | Util% |
+-----------------+------+-------+-----------+-------+
| GTHE3_CHANNEL   |    0 |     0 |        20 |  0.00 |
| GTHE3_COMMON    |    0 |     0 |         5 |  0.00 |
| IBUFDS_GTE3     |    0 |     0 |        10 |  0.00 |
| OBUFDS_GTE3     |    0 |     0 |        10 |  0.00 |
| OBUFDS_GTE3_ADV |    0 |     0 |        10 |  0.00 |
| PCIE_3_1        |    0 |     0 |         3 |  0.00 |
| SYSMONE1        |    0 |     0 |         1 |  0.00 |
+-----------------+------+-------+-----------+-------+


8. CONFIGURATION
----------------

+-------------+------+-------+-----------+-------+
|  Site Type  | Used | Fixed | Available | Util% |
+-------------+------+-------+-----------+-------+
| BSCANE2     |    0 |     0 |         4 |  0.00 |
| DNA_PORTE2  |    0 |     0 |         1 |  0.00 |
| EFUSE_USR   |    0 |     0 |         1 |  0.00 |
| FRAME_ECCE3 |    0 |     0 |         1 |  0.00 |
| ICAPE3      |    0 |     0 |         2 |  0.00 |
| MASTER_JTAG |    0 |     0 |         1 |  0.00 |
| STARTUPE3   |    0 |     0 |         1 |  0.00 |
+-------------+------+-------+-----------+-------+


9. Primitives
-------------

+------------+-------+---------------------+
|  Ref Name  |  Used | Functional Category |
+------------+-------+---------------------+
| LUT6       | 15243 |                 CLB |
| FDRE       |  5856 |            Register |
| MUXF7      |  5110 |                 CLB |
| LUT5       |  4757 |                 CLB |
| LUT4       |  2818 |                 CLB |
| MUXF8      |  1966 |                 CLB |
| LUT3       |  1039 |                 CLB |
| LUT2       |   519 |                 CLB |
| RAMB36E2   |   416 |           Block Ram |
| LUT1       |   187 |                 CLB |
| CARRY8     |   129 |                 CLB |
| SRL16E     |    35 |                 CLB |
| DSP48E2    |    32 |          Arithmetic |
| FDSE       |    19 |            Register |
| BUFGCE     |     5 |               Clock |
| RAMB18E2   |     4 |           Block Ram |
| IBUFCTRL   |     3 |              Others |
| INBUF      |     2 |                 I/O |
| OBUF       |     1 |                 I/O |
| MMCME3_ADV |     1 |               Clock |
| DIFFINBUF  |     1 |                 I/O |
+------------+-------+---------------------+


10. Black Boxes
---------------

+----------+------+
| Ref Name | Used |
+----------+------+


11. Instantiated Netlists
-------------------------

+-------------------------------+------+
|            Ref Name           | Used |
+-------------------------------+------+
| design_1_rst_clk_wiz_0_100M_0 |    1 |
| design_1_nino_core_0_0        |    1 |
| design_1_clk_wiz_0_0          |    1 |
| design_1_blk_mem_gen_1_0      |    1 |
| design_1_blk_mem_gen_0_0      |    1 |
| design_1_axi_uartlite_0_0     |    1 |
+-------------------------------+------+


